Microchip MPLAB XC8 Compiler V2.30

Linker command line:

-W-3 --edf=/opt/microchip/xc8/v2.30/pic/dat/en_msgs.txt -cn \
  -h+dist/default/production/the3.X.production.sym \
  --cmf=dist/default/production/the3.X.production.cmf -z -Q18F8722 \
  -o/tmp/xcXFADHFI --defsym=__MPLAB_BUILD=1 \
  -Mdist/default/production/the3.X.production.map -E1 -ver=XC8 Compiler \
  --acfsm=1493 -ASTACK=040Ah-0F5Fh -pstack=STACK -ACODE=00h-01FFFFh \
  -ACONST=00h-01FFFFh -ASMALLCONST=01000h-010FFhx496 \
  -AMEDIUMCONST=01000h-0FFFFh,011000h-01FFFFh -ACOMRAM=01h-05Fh \
  -AABS1=00h-0F5Fh -ABIGRAM=01h-0F5Fh \
  -ARAM=060h-0FFh,0100h-01FFhx14,0F00h-0F5Fh -ABANK0=060h-0FFh \
  -ABANK1=0100h-01FFh -ABANK2=0200h-02FFh -ABANK3=0300h-03FFh \
  -ABANK4=0400h-04FFh -ABANK5=0500h-05FFh -ABANK6=0600h-06FFh \
  -ABANK7=0700h-07FFh -ABANK8=0800h-08FFh -ABANK9=0900h-09FFh \
  -ABANK10=0A00h-0AFFh -ABANK11=0B00h-0BFFh -ABANK12=0C00h-0CFFh \
  -ABANK13=0D00h-0DFFh -ABANK14=0E00h-0EFFh -ABANK15=0F00h-0F5Fh \
  -ASFR=0F60h-0FFFh -ACONFIG=0300000h-030000Dh -AIDLOC=0200000h-0200007h \
  -AEEDATA=0F00000h-0F003FFh -peeprom_data=EEDATA \
  -preset_vec=00h,intcode=08h,intcodelo=018h,powerup,init -pramtop=01000h \
  -psmallconst=SMALLCONST -pmediumconst=MEDIUMCONST -pconst=CONST \
  -AFARRAM=00h-00h \
  -prdata=COMRAM,nvrram=COMRAM,nvbit=COMRAM,rbss=COMRAM,rbit=COMRAM \
  -pfarbss=FARRAM,fardata=FARRAM,nvFARRAM=FARRAM \
  -pintsave_regs=BIGRAM,bigbss=BIGRAM,bigdata=BIGRAM -pbss=RAM \
  -pidata=CODE,irdata=CODE,ibigdata=CODE,ifardata=CODE -prparam=COMRAM \
  /tmp/xcXFbBdBl.o dist/default/production/the3.X.production.o 

Object code version is 3.11

Machine type is 18F8722



                Name                               Link     Load   Length Selector   Space Scale
/tmp/xcXFbBdBl.o
                idloc                            200000   200000        8        0       5
                config                           300000   300000        E        0       4
                init                                1CE      1CE        4        C       0
                reset_vec                             0        0        4        0       0
dist/default/production/the3.X.production.o
                intcodelo                            18       18      1B6        C       0
                intcode                               8        8        6        4       0
                idloc                            200000   200000        8        0       5
                config                           300000   300000        E        0       4
                temp                                 5F       5F        1        1       1
                smallconst                         1000     1000       E2      800       0
                text79                             9104     9104       32      871       0
                text78                             825A     825A       B6      871       0
                text77                             86EA     86EA       98      871       0
                text76                             9282     9282        6      871       0
                text75                             927C     927C        6      871       0
                text74                             8D3C     8D3C       46      871       0
                text73                             928C     928C        2      871       0
                text72                             8004     8004       CA      871       0
                text71                             8E0A     8E0A       44      871       0
                text70                             90CE     90CE       36      871       0
                text69                             8194     8194       C6      871       0
                text68                             8ECA     8ECA       3C      871       0
                text67                             9096     9096       38      871       0
                text66                             905E     905E       38      871       0
                text65                             8BE6     8BE6       5E      871       0
                text64                             617E     617E      2DA      871       0
                text63                             91AE     91AE       26      871       0
                text62                             9026     9026       38      871       0
                text61                             8CEA     8CEA       52      871       0
                text60                             78A2     78A2      1A4      871       0
                text59                             5A2C     5A2C      3B6      871       0
                text58                             8A60     8A60       66      871       0
                text57                             8C98     8C98       52      871       0
                text56                             8B88     8B88       5E      871       0
                text55                             9188     9188       26      871       0
                text54                             6FF0     6FF0      1EE      871       0
                intcode_body                       6458     6458      2A6      871       0
                text51                             80CE     80CE       C6      871       0
                text50                             9276     9276        6      871       0
                text49                             9268     9268        8      871       0
                text48                             8652     8652       98      871       0
                text47                             8C44     8C44       54      871       0
                text46                             8782     8782       8A      871       0
                text45                             83BC     83BC       AA      871       0
                text44                             5DE2     5DE2      39C      871       0
                text43                             8310     8310       AC      871       0
                text42                             7E0C     7E0C      106      871       0
                text41                             5600     5600      42C      871       0
                text40                             8FB4     8FB4       3A      871       0
                text39                             89F4     89F4       6C      871       0
                text38                             9160     9160       28      871       0
                text37                             7396     7396      1B8      871       0
                text36                             8F7A     8F7A       3A      871       0
                text35                             8982     8982       72      871       0
                text34                             91D4     91D4       24      871       0
                text33                             8F40     8F40       3A      871       0
                text32                             8B28     8B28       60      871       0
                text31                             3AFE     3AFE     1192      871       0
                text30                             66FE     66FE      2A2      871       0
                text29                             7BA0     7BA0      138      871       0
                text28                             85B2     85B2       A0      871       0
                text27                             8E8C     8E8C       3E      871       0
                text26                             4C90     4C90      528      871       0
                text25                             8DC6     8DC6       44      871       0
                text24                             6DDE     6DDE      212      871       0
                text23                             76FA     76FA      1A8      871       0
                text22                             8D82     8D82       44      871       0
                text21                             71DE     71DE      1B8      871       0
                text20                             7A46     7A46      15A      871       0
                text19                             6BCC     6BCC      212      871       0
                text18                             754E     754E      1AC      871       0
                text17                             7CD8     7CD8      134      871       0
                text16                             8F06     8F06       3A      871       0
                text15                             8AC6     8AC6       62      871       0
                text14                             10E2     10E2     2A1C      871       0
                text13                             8466     8466       A8      871       0
                text12                             8FEE     8FEE       38      871       0
                text11                             8892     8892       7A      871       0
                text10                             880C     880C       86      871       0
                text9                              51B8     51B8      448      871       0
                text8                              890C     890C       76      871       0
                text7                              922E     922E       1A      871       0
                text6                              8E4E     8E4E       3E      871       0
                text5                              91F8     91F8       1C      871       0
                text4                              9270     9270        6      871       0
                text3                              9214     9214       1A      871       0
                text2                              7F12     7F12       F2      871       0
                text1                              69A0     69A0      22C      871       0
                text0                              9136     9136       2A      871       0
                cstackCOMRAM                          1        1       5D        1       1
                cstackBANK0                          60       60       55       60       1
                cstackBANK1                         100      100       BB      100       1
                cstackBANK4                         400      400        A      400       1
                bssBANK3                            300      300      100      300       1
                dataBANK2                           2F0      2F0        C      200       1
                bssBANK2                            200      200       F0      200       1
                dataBANK1                           1E0      1E0       14      100       1
                bssBANK1                            1BB      1BB       25      100       1
                dataBANK0                            F8       F8        4       60       1
                bssBANK0                             B5       B5       43       60       1
                bssCOMRAM                            5E       5E        1        1       1
                cinit                              850E     850E       A4      871       0
                idataBANK2                         925C     925C        C      871       0
                idataBANK1                         9248     9248       14      871       0
                idataBANK0                         9288     9288        4      871       0

TOTAL           Name                               Link     Load   Length     Space
        CLASS   STACK          

        CLASS   CODE           
                intcodelo                            18       18      1B6         0
                intcode                               8        8        6         0
                init                                1CE      1CE        4         0
                reset_vec                             0        0        4         0
                text79                             9104     9104       32         0
                text78                             825A     825A       B6         0
                text77                             86EA     86EA       98         0
                text76                             9282     9282        6         0
                text75                             927C     927C        6         0
                text74                             8D3C     8D3C       46         0
                text73                             928C     928C        2         0
                text72                             8004     8004       CA         0
                text71                             8E0A     8E0A       44         0
                text70                             90CE     90CE       36         0
                text69                             8194     8194       C6         0
                text68                             8ECA     8ECA       3C         0
                text67                             9096     9096       38         0
                text66                             905E     905E       38         0
                text65                             8BE6     8BE6       5E         0
                text64                             617E     617E      2DA         0
                text63                             91AE     91AE       26         0
                text62                             9026     9026       38         0
                text61                             8CEA     8CEA       52         0
                text60                             78A2     78A2      1A4         0
                text59                             5A2C     5A2C      3B6         0
                text58                             8A60     8A60       66         0
                text57                             8C98     8C98       52         0
                text56                             8B88     8B88       5E         0
                text55                             9188     9188       26         0
                text54                             6FF0     6FF0      1EE         0
                intcode_body                       6458     6458      2A6         0
                text51                             80CE     80CE       C6         0
                text50                             9276     9276        6         0
                text49                             9268     9268        8         0
                text48                             8652     8652       98         0
                text47                             8C44     8C44       54         0
                text46                             8782     8782       8A         0
                text45                             83BC     83BC       AA         0
                text44                             5DE2     5DE2      39C         0
                text43                             8310     8310       AC         0
                text42                             7E0C     7E0C      106         0
                text41                             5600     5600      42C         0
                text40                             8FB4     8FB4       3A         0
                text39                             89F4     89F4       6C         0
                text38                             9160     9160       28         0
                text37                             7396     7396      1B8         0
                text36                             8F7A     8F7A       3A         0
                text35                             8982     8982       72         0
                text34                             91D4     91D4       24         0
                text33                             8F40     8F40       3A         0
                text32                             8B28     8B28       60         0
                text31                             3AFE     3AFE     1192         0
                text30                             66FE     66FE      2A2         0
                text29                             7BA0     7BA0      138         0
                text28                             85B2     85B2       A0         0
                text27                             8E8C     8E8C       3E         0
                text26                             4C90     4C90      528         0
                text25                             8DC6     8DC6       44         0
                text24                             6DDE     6DDE      212         0
                text23                             76FA     76FA      1A8         0
                text22                             8D82     8D82       44         0
                text21                             71DE     71DE      1B8         0
                text20                             7A46     7A46      15A         0
                text19                             6BCC     6BCC      212         0
                text18                             754E     754E      1AC         0
                text17                             7CD8     7CD8      134         0
                text16                             8F06     8F06       3A         0
                text15                             8AC6     8AC6       62         0
                text14                             10E2     10E2     2A1C         0
                text13                             8466     8466       A8         0
                text12                             8FEE     8FEE       38         0
                text11                             8892     8892       7A         0
                text10                             880C     880C       86         0
                text9                              51B8     51B8      448         0
                text8                              890C     890C       76         0
                text7                              922E     922E       1A         0
                text6                              8E4E     8E4E       3E         0
                text5                              91F8     91F8       1C         0
                text4                              9270     9270        6         0
                text3                              9214     9214       1A         0
                text2                              7F12     7F12       F2         0
                text1                              69A0     69A0      22C         0
                text0                              9136     9136       2A         0
                cinit                              850E     850E       A4         0
                idataBANK2                         925C     925C        C         0
                idataBANK1                         9248     9248       14         0
                idataBANK0                         9288     9288        4         0

        CLASS   CONST          

        CLASS   SMALLCONST     
                smallconst                         1000     1000       E2         0

        CLASS   MEDIUMCONST    

        CLASS   COMRAM         
                temp                                 5F       5F        1         1
                cstackCOMRAM                          1        1       5D         1
                bssCOMRAM                            5E       5E        1         1

        CLASS   ABS1           

        CLASS   BIGRAM         

        CLASS   RAM            

        CLASS   BANK0          
                cstackBANK0                          60       60       55         1
                dataBANK0                            F8       F8        4         1
                bssBANK0                             B5       B5       43         1

        CLASS   BANK1          
                cstackBANK1                         100      100       BB         1
                dataBANK1                           1E0      1E0       14         1
                bssBANK1                            1BB      1BB       25         1

        CLASS   BANK2          
                dataBANK2                           2F0      2F0        C         1
                bssBANK2                            200      200       F0         1

        CLASS   BANK3          
                bssBANK3                            300      300      100         1

        CLASS   BANK4          
                cstackBANK4                         400      400        A         1

        CLASS   BANK5          

        CLASS   BANK6          

        CLASS   BANK7          

        CLASS   BANK8          

        CLASS   BANK9          

        CLASS   BANK10         

        CLASS   BANK11         

        CLASS   BANK12         

        CLASS   BANK13         

        CLASS   BANK14         

        CLASS   BANK15         

        CLASS   SFR            

        CLASS   CONFIG         
                config                           300000   300000        E         4

        CLASS   IDLOC          
                idloc                            200000   200000        8         5

        CLASS   EEDATA         

        CLASS   FARRAM         



SEGMENTS        Name                           Load    Length   Top    Selector   Space  Class

                bssBANK3                       000300  000100  000400       300       1  BANK3   
                reset_vec                      000000  000004  000004         0       0  CODE    
                text14                         0010E2  0081AC  00928E       871       0  CODE    
                bssBANK2                       000200  0000FC  0002FC       200       1  BANK2   
                cstackBANK4                    000400  00000A  00040A       400       1  BANK4   
                cstackBANK1                    000100  0000F4  0001F4       100       1  BANK1   
                intcode                        000008  000006  00000E         4       0  CODE    
                cstackBANK0                    000060  00009C  0000FC        60       1  BANK0   
                intcodelo                      000018  0001BA  0001D2         C       0  CODE    
                cstackCOMRAM                   000001  00005F  000060         1       1  COMRAM  
                smallconst                     001000  0000E2  0010E2       800       0  SMALLCON


UNUSED ADDRESS RANGES

        Name                Unused          Largest block    Delta
        BANK0            0000FC-0000FF                4
        BANK1            0001F4-0001FF                C
        BANK10           000A00-000AFF              100
        BANK11           000B00-000BFF              100
        BANK12           000C00-000CFF              100
        BANK13           000D00-000DFF              100
        BANK14           000E00-000EFF              100
        BANK15           000F00-000F5F               60
        BANK2            0002FC-0002FF                4
        BANK4            00040A-0004FF               F6
        BANK5            000500-0005FF              100
        BANK6            000600-0006FF              100
        BANK7            000700-0007FF              100
        BANK8            000800-0008FF              100
        BANK9            000900-0009FF              100
        BIGRAM           0000FC-0000FF                4
                         0001F4-0001FF                C
                         0002FC-0002FF                4
                         00040A-000F5F              B56
        CODE             000004-000007                4
                         00000E-000017                A
                         0001D2-000FFF              E2E
                         00928E-01FFFF            16D72
        CONST            000004-000007                4
                         00000E-000017                A
                         0001D2-000FFF              E2E
                         00928E-01FFFF            16D72
        EEDATA           F00000-F003FF              400
        MEDIUMCONST      00928E-00FFFF             6D72
                         011000-01FFFF             F000
        RAM              0000FC-0000FF                4
                         0001F4-0001FF                C
                         0002FC-0002FF                4
                         00040A-000F5F              100
        SFR              000F60-000FFF               A0
        SMALLCONST       00928E-01FFFF              100
        STACK            00040A-000F5F              B56

                                  Symbol Table

?___awdiv                    cstackBANK1  000103
?___fldiv                    cstackBANK1  000103
?___flmul                    cstackBANK1  000103
?___flneg                    cstackBANK1  000103
?___lmul                     cstackBANK1  000103
?___omul                     cstackBANK1  000103
?___strtoxll                 cstackBANK1  00011B
?___wmul                     cstackBANK1  000103
?___xxtofl                   cstackBANK1  000103
?_atoaefg                    cstackBANK1  000142
?_atoc                       cstackBANK1  00010E
?_atod                       cstackBANK1  000158
?_atoi                       cstackBANK1  00010A
?_atoo                       cstackBANK1  000158
?_atos                       cstackBANK1  000119
?_atou                       cstackBANK1  000158
?_atox                       cstackBANK1  000158
?_fgetc                      cstackBANK1  000105
?_getch                      cstackBANK1  000103
?_isalpha                    cstackBANK1  000103
?_isdigit                    cstackBANK1  000103
?_islower                    cstackBANK1  000103
?_isspace                    cstackBANK1  000103
?_isupper                    cstackBANK1  000103
?_isxdigit                   cstackBANK1  000103
?_nanf                       cstackBANK1  000103
?_pad                        cstackCOMRAM 000011
?_sprintf                    cstackBANK0  000066
?_sscanf                     cstackBANK1  0001AB
?_strcmp                     cstackBANK1  000103
?_strlen                     cstackCOMRAM 000001
?_strncmp                    cstackBANK1  000103
?_strtof                     cstackBANK1  00011C
?_strtoll                    cstackBANK1  000150
?_strtoull                   cstackBANK1  000150
?_tolower                    cstackBANK1  000109
?_toupper                    cstackBANK1  000109
?_vfpfcnvrt                  cstackCOMRAM 000043
?_vfprintf                   cstackBANK0  000060
?_vfscanf                    cstackBANK1  0001A1
?_vfsfcnvrt                  cstackBANK1  00016E
?_xtoa                       cstackCOMRAM 00001C
?i2___wmul                   cstackCOMRAM 000001
?i2_atoi                     cstackCOMRAM 000008
?i2_isalpha                  cstackCOMRAM 000001
?i2_isdigit                  cstackCOMRAM 000001
?i2_islower                  cstackCOMRAM 000001
?i2_isspace                  cstackCOMRAM 000001
?i2_isupper                  cstackCOMRAM 000001
?i2_toupper                  cstackCOMRAM 000007
_ADCON0                      (abs)        000FC2
_ADCON1                      (abs)        000FC1
_ADCON2                      (abs)        000FC0
_ADRESH                      (abs)        000FC4
_ADRESL                      (abs)        000FC3
_BAUDCON1bits                (abs)        000F7E
_GODONE                      (abs)        007E11
_INTCON2bits                 (abs)        000FF1
_INTCONbits                  (abs)        000FF2
_LATA                        (abs)        000F89
_LATAbits                    (abs)        000F89
_LATB                        (abs)        000F8A
_LATBbits                    (abs)        000F8A
_LATC                        (abs)        000F8B
_LATCbits                    (abs)        000F8B
_LATD                        (abs)        000F8C
_LATDbits                    (abs)        000F8C
_LATH                        (abs)        000F90
_PIE1bits                    (abs)        000F9D
_PIR1bits                    (abs)        000F9E
_PORTA                       (abs)        000F80
_PORTB                       (abs)        000F81
_PORTBbits                   (abs)        000F81
_PORTC                       (abs)        000F82
_PORTD                       (abs)        000F83
_PORTH                       (abs)        000F87
_RCONbits                    (abs)        000FD0
_RCREG1                      (abs)        000FAE
_RCSTA1                      (abs)        000FAB
_SPBRG1                      (abs)        000FAF
_SPBRGH1                     (abs)        000F7F
_T0CON                       (abs)        000FD5
_TMR0H                       (abs)        000FD7
_TMR0L                       (abs)        000FD6
_TRISA                       (abs)        000F92
_TRISB                       (abs)        000F93
_TRISC                       (abs)        000F94
_TRISCbits                   (abs)        000F94
_TRISD                       (abs)        000F95
_TRISH                       (abs)        000F99
_TXREG1                      (abs)        000FAD
_TXSTA1                      (abs)        000FAC
_TXSTA1bits                  (abs)        000FAC
__HRAM                       (abs)        000000
__Habs1                      abs1         000000
__Hbank0                     bank0        000000
__Hbank1                     bank1        000000
__Hbank10                    bank10       000000
__Hbank11                    bank11       000000
__Hbank12                    bank12       000000
__Hbank13                    bank13       000000
__Hbank14                    bank14       000000
__Hbank15                    bank15       000000
__Hbank2                     bank2        000000
__Hbank3                     bank3        000000
__Hbank4                     bank4        000000
__Hbank5                     bank5        000000
__Hbank6                     bank6        000000
__Hbank7                     bank7        000000
__Hbank8                     bank8        000000
__Hbank9                     bank9        000000
__Hbigbss                    bigbss       000000
__Hbigdata                   bigdata      000000
__Hbigram                    bigram       000000
__Hbss                       bss          000000
__HbssBANK0                  bssBANK0     000000
__HbssBANK1                  bssBANK1     000000
__HbssBANK2                  bssBANK2     000000
__HbssBANK3                  bssBANK3     000000
__HbssCOMRAM                 bssCOMRAM    000000
__Hcinit                     cinit        000000
__Hclrtext                   clrtext      000000
__Hcomram                    comram       000000
__Hconfig                    config       30000E
__Hconst                     const        000000
__HcstackBANK0               cstackBANK0  000000
__HcstackBANK1               cstackBANK1  000000
__HcstackBANK4               cstackBANK4  000000
__HcstackCOMRAM              cstackCOMRAM 000000
__Hdata                      data         000000
__HdataBANK0                 dataBANK0    000000
__HdataBANK1                 dataBANK1    000000
__HdataBANK2                 dataBANK2    000000
__Heeprom_data               eeprom_data  000000
__Hfarbss                    farbss       000000
__Hfardata                   fardata      000000
__Hibigdata                  ibigdata     000000
__Hidata                     idata        000000
__HidataBANK0                idataBANK0   000000
__HidataBANK1                idataBANK1   000000
__HidataBANK2                idataBANK2   000000
__Hidloc                     idloc        200008
__Hifardata                  ifardata     000000
__Hinit                      init         0001D2
__Hintcode                   intcode      00000E
__Hintcode_body              intcode_body 000000
__Hintcodelo                 intcodelo    0001CE
__Hintentry                  intentry     000000
__Hintret                    intret       000000
__Hintsave_regs              intsave_regs 000000
__Hirdata                    irdata       000000
__Hmediumconst               mediumconst  000000
__HnvFARRAM                  nvFARRAM     000000
__Hnvbit                     nvbit        000000
__Hnvrram                    nvrram       000000
__Hparam                     rparam       000000
__Hpowerup                   powerup      0001CE
__Hram                       ram          000000
__Hramtop                    ramtop       001000
__Hrbit                      rbit         000000
__Hrbss                      rbss         000000
__Hrdata                     rdata        000000
__Hreset_vec                 reset_vec    000004
__Hrparam                    rparam       000000
__Hsfr                       sfr          000000
__Hsmallconst                smallconst   0010E2
__Hspace_0                   (abs)        00928E
__Hspace_1                   (abs)        00040A
__Hspace_2                   (abs)        000000
__Hspace_4                   (abs)        60000E
__Hstack                     stack        000000
__Hstruct                    struct       000000
__Htemp                      temp         000060
__Htext                      text         000000
__Htext0                     text0        000000
__Htext1                     text1        000000
__Htext10                    text10       000000
__Htext11                    text11       000000
__Htext12                    text12       000000
__Htext13                    text13       000000
__Htext14                    text14       000000
__Htext15                    text15       000000
__Htext16                    text16       000000
__Htext17                    text17       000000
__Htext18                    text18       000000
__Htext19                    text19       000000
__Htext2                     text2        000000
__Htext20                    text20       000000
__Htext21                    text21       000000
__Htext22                    text22       000000
__Htext23                    text23       000000
__Htext24                    text24       000000
__Htext25                    text25       000000
__Htext26                    text26       000000
__Htext27                    text27       000000
__Htext28                    text28       000000
__Htext29                    text29       000000
__Htext3                     text3        000000
__Htext30                    text30       000000
__Htext31                    text31       000000
__Htext32                    text32       000000
__Htext33                    text33       000000
__Htext34                    text34       000000
__Htext35                    text35       000000
__Htext36                    text36       000000
__Htext37                    text37       000000
__Htext38                    text38       000000
__Htext39                    text39       000000
__Htext4                     text4        000000
__Htext40                    text40       000000
__Htext41                    text41       000000
__Htext42                    text42       000000
__Htext43                    text43       000000
__Htext44                    text44       000000
__Htext45                    text45       000000
__Htext46                    text46       000000
__Htext47                    text47       000000
__Htext48                    text48       000000
__Htext49                    text49       000000
__Htext5                     text5        000000
__Htext50                    text50       000000
__Htext51                    text51       000000
__Htext54                    text54       000000
__Htext55                    text55       000000
__Htext56                    text56       000000
__Htext57                    text57       000000
__Htext58                    text58       000000
__Htext59                    text59       000000
__Htext6                     text6        000000
__Htext60                    text60       000000
__Htext61                    text61       000000
__Htext62                    text62       000000
__Htext63                    text63       000000
__Htext64                    text64       000000
__Htext65                    text65       000000
__Htext66                    text66       000000
__Htext67                    text67       000000
__Htext68                    text68       000000
__Htext69                    text69       000000
__Htext7                     text7        000000
__Htext70                    text70       000000
__Htext71                    text71       000000
__Htext72                    text72       000000
__Htext73                    text73       000000
__Htext74                    text74       000000
__Htext75                    text75       000000
__Htext76                    text76       000000
__Htext77                    text77       000000
__Htext78                    text78       000000
__Htext79                    text79       000000
__Htext8                     text8        000000
__Htext9                     text9        000000
__LRAM                       (abs)        000001
__Labs1                      abs1         000000
__Lbank0                     bank0        000000
__Lbank1                     bank1        000000
__Lbank10                    bank10       000000
__Lbank11                    bank11       000000
__Lbank12                    bank12       000000
__Lbank13                    bank13       000000
__Lbank14                    bank14       000000
__Lbank15                    bank15       000000
__Lbank2                     bank2        000000
__Lbank3                     bank3        000000
__Lbank4                     bank4        000000
__Lbank5                     bank5        000000
__Lbank6                     bank6        000000
__Lbank7                     bank7        000000
__Lbank8                     bank8        000000
__Lbank9                     bank9        000000
__Lbigbss                    bigbss       000000
__Lbigdata                   bigdata      000000
__Lbigram                    bigram       000000
__Lbss                       bss          000000
__LbssBANK0                  bssBANK0     000000
__LbssBANK1                  bssBANK1     000000
__LbssBANK2                  bssBANK2     000000
__LbssBANK3                  bssBANK3     000000
__LbssCOMRAM                 bssCOMRAM    000000
__Lcinit                     cinit        000000
__Lclrtext                   clrtext      000000
__Lcomram                    comram       000000
__Lconfig                    config       000000
__Lconst                     const        000000
__LcstackBANK0               cstackBANK0  000000
__LcstackBANK1               cstackBANK1  000000
__LcstackBANK4               cstackBANK4  000000
__LcstackCOMRAM              cstackCOMRAM 000000
__Ldata                      data         000000
__LdataBANK0                 dataBANK0    000000
__LdataBANK1                 dataBANK1    000000
__LdataBANK2                 dataBANK2    000000
__Leeprom_data               eeprom_data  000000
__Lfarbss                    farbss       000000
__Lfardata                   fardata      000000
__Libigdata                  ibigdata     000000
__Lidata                     idata        000000
__LidataBANK0                idataBANK0   000000
__LidataBANK1                idataBANK1   000000
__LidataBANK2                idataBANK2   000000
__Lidloc                     idloc        000000
__Lifardata                  ifardata     000000
__Linit                      init         0001CE
__Lintcode                   intcode      000008
__Lintcode_body              intcode_body 000000
__Lintcodelo                 intcodelo    000018
__Lintentry                  intentry     000000
__Lintret                    intret       000000
__Lintsave_regs              intsave_regs 000000
__Lirdata                    irdata       000000
__Lmediumconst               mediumconst  000000
__LnvFARRAM                  nvFARRAM     000000
__Lnvbit                     nvbit        000000
__Lnvrram                    nvrram       000000
__Lparam                     rparam       000000
__Lpowerup                   powerup      0001CE
__Lram                       ram          000000
__Lramtop                    ramtop       001000
__Lrbit                      rbit         000000
__Lrbss                      rbss         000000
__Lrdata                     rdata        000000
__Lreset_vec                 reset_vec    000000
__Lrparam                    rparam       000000
__Lsfr                       sfr          000000
__Lsmallconst                smallconst   001000
__Lspace_0                   (abs)        000000
__Lspace_1                   (abs)        000000
__Lspace_2                   (abs)        000000
__Lspace_4                   (abs)        000000
__Lstack                     stack        000000
__Lstruct                    struct       000000
__Ltemp                      temp         00005F
__Ltext                      text         000000
__Ltext0                     text0        000000
__Ltext1                     text1        000000
__Ltext10                    text10       000000
__Ltext11                    text11       000000
__Ltext12                    text12       000000
__Ltext13                    text13       000000
__Ltext14                    text14       000000
__Ltext15                    text15       000000
__Ltext16                    text16       000000
__Ltext17                    text17       000000
__Ltext18                    text18       000000
__Ltext19                    text19       000000
__Ltext2                     text2        000000
__Ltext20                    text20       000000
__Ltext21                    text21       000000
__Ltext22                    text22       000000
__Ltext23                    text23       000000
__Ltext24                    text24       000000
__Ltext25                    text25       000000
__Ltext26                    text26       000000
__Ltext27                    text27       000000
__Ltext28                    text28       000000
__Ltext29                    text29       000000
__Ltext3                     text3        000000
__Ltext30                    text30       000000
__Ltext31                    text31       000000
__Ltext32                    text32       000000
__Ltext33                    text33       000000
__Ltext34                    text34       000000
__Ltext35                    text35       000000
__Ltext36                    text36       000000
__Ltext37                    text37       000000
__Ltext38                    text38       000000
__Ltext39                    text39       000000
__Ltext4                     text4        000000
__Ltext40                    text40       000000
__Ltext41                    text41       000000
__Ltext42                    text42       000000
__Ltext43                    text43       000000
__Ltext44                    text44       000000
__Ltext45                    text45       000000
__Ltext46                    text46       000000
__Ltext47                    text47       000000
__Ltext48                    text48       000000
__Ltext49                    text49       000000
__Ltext5                     text5        000000
__Ltext50                    text50       000000
__Ltext51                    text51       000000
__Ltext54                    text54       000000
__Ltext55                    text55       000000
__Ltext56                    text56       000000
__Ltext57                    text57       000000
__Ltext58                    text58       000000
__Ltext59                    text59       000000
__Ltext6                     text6        000000
__Ltext60                    text60       000000
__Ltext61                    text61       000000
__Ltext62                    text62       000000
__Ltext63                    text63       000000
__Ltext64                    text64       000000
__Ltext65                    text65       000000
__Ltext66                    text66       000000
__Ltext67                    text67       000000
__Ltext68                    text68       000000
__Ltext69                    text69       000000
__Ltext7                     text7        000000
__Ltext70                    text70       000000
__Ltext71                    text71       000000
__Ltext72                    text72       000000
__Ltext73                    text73       000000
__Ltext74                    text74       000000
__Ltext75                    text75       000000
__Ltext76                    text76       000000
__Ltext77                    text77       000000
__Ltext78                    text78       000000
__Ltext79                    text79       000000
__Ltext8                     text8        000000
__Ltext9                     text9        000000
__S0                         (abs)        00928E
__S1                         (abs)        00040A
__S2                         (abs)        000000
__S4                         (abs)        000000
__S5                         (abs)        000000
___awdiv                     text51       0080CE
___awdiv@counter             cstackBANK1  000107
___awdiv@dividend            cstackBANK1  000103
___awdiv@divisor             cstackBANK1  000105
___awdiv@quotient            cstackBANK1  000109
___awdiv@sign                cstackBANK1  000108
___extmem_base               (abs)        020000
___fldiv                     text44       005DE2
___fldiv@a                   cstackBANK1  000107
___fldiv@aexp                cstackBANK1  00011B
___fldiv@b                   cstackBANK1  000103
___fldiv@bexp                cstackBANK1  00011A
___fldiv@grs                 cstackBANK1  000116
___fldiv@new_exp             cstackBANK1  000114
___fldiv@rem                 cstackBANK1  00010F
___fldiv@sign                cstackBANK1  000113
___fleq                      text43       008310
___fleq@ff1                  cstackBANK1  000103
___fleq@ff2                  cstackBANK1  000107
___flge                      text42       007E0C
___flge@ff1                  cstackBANK1  000103
___flge@ff2                  cstackBANK1  000107
___flmul                     text41       005600
___flmul@a                   cstackBANK1  000107
___flmul@aexp                cstackBANK1  000110
___flmul@b                   cstackBANK1  000103
___flmul@bexp                cstackBANK1  000115
___flmul@grs                 cstackBANK1  000111
___flmul@prod                cstackBANK1  000116
___flmul@sign                cstackBANK1  00010F
___flmul@temp                cstackBANK1  00011A
___flneg                     text40       008FB4
___flneg@f1                  cstackBANK1  000103
___inthi_sp                  stack        000000
___intlo_sp                  stack        000000
___lmul                      text39       0089F4
___lmul@multiplicand         cstackBANK1  000107
___lmul@multiplier           cstackBANK1  000103
___lmul@product              cstackBANK1  00010B
___omul                      text28       0085B2
___omul@multiplicand         cstackBANK1  00010B
___omul@multiplier           cstackBANK1  000103
___omul@product              cstackBANK1  000113
___param_bank                (abs)        000000
___rparam_used               (abs)        000001
___sp                        stack        000000
___strtoxll                  text26       004C90
___strtoxll$2201             cstackBANK1  000133
___strtoxll$2202             cstackBANK1  000139
___strtoxll$2203             cstackBANK1  000135
___strtoxll$2204             cstackBANK1  000137
___strtoxll@a                cstackBANK1  000145
___strtoxll@base             cstackBANK1  00011F
___strtoxll@c                cstackBANK1  00014F
___strtoxll@conv_done        cstackBANK1  00013A
___strtoxll@cp               cstackBANK1  00014D
___strtoxll@endptr           cstackBANK1  00011D
___strtoxll@is_signed        cstackBANK1  000121
___strtoxll@limit            cstackBANK1  00013B
___strtoxll@prev_a           cstackBANK1  00012B
___strtoxll@s                cstackBANK1  00011B
___strtoxll@sign             cstackBANK1  000143
___strtoxll@skip             cstackBANK1  000144
___wmul                      text38       009160
___wmul@multiplicand         cstackBANK1  000105
___wmul@multiplier           cstackBANK1  000103
___wmul@product              cstackBANK1  000107
___xxtofl                    text37       007396
___xxtofl@arg                cstackBANK1  00010D
___xxtofl@exp                cstackBANK1  00010C
___xxtofl@sign               cstackBANK1  00010B
___xxtofl@val                cstackBANK1  000103
__accesstop                  (abs)        000060
__activetblptr               (abs)        000003
__end_of___awdiv             text51       008194
__end_of___fldiv             text44       00617E
__end_of___fleq              text43       0083BC
__end_of___flge              text42       007F12
__end_of___flmul             text41       005A2C
__end_of___flneg             text40       008FEE
__end_of___lmul              text39       008A60
__end_of___omul              text28       008652
__end_of___strtoxll          text26       0051B8
__end_of___wmul              text38       009188
__end_of___xxtofl            text37       00754E
__end_of__initialization     cinit        0085A8
__end_of_atoaefg             text30       0069A0
__end_of_atoc                text29       007CD8
__end_of_atod                text24       006FF0
__end_of_atoi                text23       0078A2
__end_of_atoo                text21       007396
__end_of_atos                text20       007BA0
__end_of_atou                text19       006DDE
__end_of_atox                text18       0076FA
__end_of_buf_isempty         text79       009136
__end_of_buf_pop             text78       008310
__end_of_buf_push            text77       008782
__end_of_calc_task           text9        005600
__end_of_control_leds        text8        008982
__end_of_disable_rxtx        text50       00927C
__end_of_enable_rxtx         text4        009276
__end_of_fgetc               text48       0086EA
__end_of_fputc               text72       0080CE
__end_of_fputs               text71       008E4E
__end_of_getch               text49       009270
__end_of_highPriorityISR     intcode_body 0066FE
__end_of_init_adc            text7        009248
__end_of_init_ports          text6        008E8C
__end_of_init_serial         text5        009214
__end_of_init_timer_and_int  text3        00922E
__end_of_isalpha             text27       008ECA
__end_of_isdigit             text36       008FB4
__end_of_islower             text33       008F7A
__end_of_isspace             text47       008C98
__end_of_isupper             text16       008F40
__end_of_isxdigit            text35       0089F4
__end_of_lowPriorityISR      intcodelo    0001CE
__end_of_main                text0        009160
__end_of_nanf                text34       0091F8
__end_of_output_str          text74       008D82
__end_of_output_task         text54       0071DE
__end_of_packet_task         text2        008004
__end_of_pad                 text69       00825A
__end_of_putch               text73       00928E
__end_of_rb_count_func       text1        006BCC
__end_of_skipws              text45       008466
__end_of_sprintf             text57       008CEA
__end_of_sscanf              text12       009026
__end_of_strcat              text55       0091AE
__end_of_strcmp              text11       00890C
__end_of_strcpy              text56       008BE6
__end_of_strlen              text70       009104
__end_of_strncmp             text17       007E0C
__end_of_strncpy             text10       008892
__end_of_strtof              text31       004C90
__end_of_strtoll             text25       008E0A
__end_of_strtoull            text22       008DC6
__end_of_tolower             text15       008B28
__end_of_toupper             text32       008B88
__end_of_ungetc              text46       00880C
__end_of_vfpfcnvrt           text59       005DE2
__end_of_vfprintf            text58       008AC6
__end_of_vfscanf             text13       00850E
__end_of_vfsfcnvrt           text14       003AFE
__end_of_xtoa                text64       006458
__end_ofi2___wmul            text63       0091D4
__end_ofi2_atoi              text60       007A46
__end_ofi2_disable_rxtx      text76       009288
__end_ofi2_enable_rxtx       text75       009282
__end_ofi2_isalpha           text68       008F06
__end_ofi2_isdigit           text62       00905E
__end_ofi2_islower           text66       009096
__end_ofi2_isspace           text61       008D3C
__end_ofi2_isupper           text67       0090CE
__end_ofi2_toupper           text65       008C44
__initialization             cinit        00850E
__mediumconst                mediumconst  000000
__pbssBANK0                  bssBANK0     0000B5
__pbssBANK1                  bssBANK1     0001BB
__pbssBANK2                  bssBANK2     000200
__pbssBANK3                  bssBANK3     000300
__pbssCOMRAM                 bssCOMRAM    00005E
__pcinit                     cinit        00850E
__pcstackBANK0               cstackBANK0  000060
__pcstackBANK1               cstackBANK1  000100
__pcstackBANK4               cstackBANK4  000400
__pcstackCOMRAM              cstackCOMRAM 000001
__pdataBANK0                 dataBANK0    0000F8
__pdataBANK1                 dataBANK1    0001E0
__pdataBANK2                 dataBANK2    0002F0
__pidataBANK0                idataBANK0   009288
__pidataBANK1                idataBANK1   009248
__pidataBANK2                idataBANK2   00925C
__pintcode                   intcode      000008
__pintcode_body              intcode_body 006458
__pintcodelo                 intcodelo    000018
__psmallconst                smallconst   001000
__ptext0                     text0        009136
__ptext1                     text1        0069A0
__ptext10                    text10       00880C
__ptext11                    text11       008892
__ptext12                    text12       008FEE
__ptext13                    text13       008466
__ptext14                    text14       0010E2
__ptext15                    text15       008AC6
__ptext16                    text16       008F06
__ptext17                    text17       007CD8
__ptext18                    text18       00754E
__ptext19                    text19       006BCC
__ptext2                     text2        007F12
__ptext20                    text20       007A46
__ptext21                    text21       0071DE
__ptext22                    text22       008D82
__ptext23                    text23       0076FA
__ptext24                    text24       006DDE
__ptext25                    text25       008DC6
__ptext26                    text26       004C90
__ptext27                    text27       008E8C
__ptext28                    text28       0085B2
__ptext29                    text29       007BA0
__ptext3                     text3        009214
__ptext30                    text30       0066FE
__ptext31                    text31       003AFE
__ptext32                    text32       008B28
__ptext33                    text33       008F40
__ptext34                    text34       0091D4
__ptext35                    text35       008982
__ptext36                    text36       008F7A
__ptext37                    text37       007396
__ptext38                    text38       009160
__ptext39                    text39       0089F4
__ptext4                     text4        009270
__ptext40                    text40       008FB4
__ptext41                    text41       005600
__ptext42                    text42       007E0C
__ptext43                    text43       008310
__ptext44                    text44       005DE2
__ptext45                    text45       0083BC
__ptext46                    text46       008782
__ptext47                    text47       008C44
__ptext48                    text48       008652
__ptext49                    text49       009268
__ptext5                     text5        0091F8
__ptext50                    text50       009276
__ptext51                    text51       0080CE
__ptext54                    text54       006FF0
__ptext55                    text55       009188
__ptext56                    text56       008B88
__ptext57                    text57       008C98
__ptext58                    text58       008A60
__ptext59                    text59       005A2C
__ptext6                     text6        008E4E
__ptext60                    text60       0078A2
__ptext61                    text61       008CEA
__ptext62                    text62       009026
__ptext63                    text63       0091AE
__ptext64                    text64       00617E
__ptext65                    text65       008BE6
__ptext66                    text66       00905E
__ptext67                    text67       009096
__ptext68                    text68       008ECA
__ptext69                    text69       008194
__ptext7                     text7        00922E
__ptext70                    text70       0090CE
__ptext71                    text71       008E0A
__ptext72                    text72       008004
__ptext73                    text73       00928C
__ptext74                    text74       008D3C
__ptext75                    text75       00927C
__ptext76                    text76       009282
__ptext77                    text77       0086EA
__ptext78                    text78       00825A
__ptext79                    text79       009104
__ptext8                     text8        00890C
__ptext9                     text9        0051B8
__ramtop                     ramtop       001000
__size_of___awdiv            (abs)        000000
__size_of___fldiv            (abs)        000000
__size_of___fleq             (abs)        000000
__size_of___flge             (abs)        000000
__size_of___flmul            (abs)        000000
__size_of___flneg            (abs)        000000
__size_of___lmul             (abs)        000000
__size_of___omul             (abs)        000000
__size_of___strtoxll         (abs)        000000
__size_of___wmul             (abs)        000000
__size_of___xxtofl           (abs)        000000
__size_of_atoaefg            (abs)        000000
__size_of_atoc               (abs)        000000
__size_of_atod               (abs)        000000
__size_of_atoi               (abs)        000000
__size_of_atoo               (abs)        000000
__size_of_atos               (abs)        000000
__size_of_atou               (abs)        000000
__size_of_atox               (abs)        000000
__size_of_buf_isempty        (abs)        000000
__size_of_buf_pop            (abs)        000000
__size_of_buf_push           (abs)        000000
__size_of_calc_task          (abs)        000000
__size_of_control_leds       (abs)        000000
__size_of_disable_rxtx       (abs)        000000
__size_of_enable_rxtx        (abs)        000000
__size_of_fgetc              (abs)        000000
__size_of_fputc              (abs)        000000
__size_of_fputs              (abs)        000000
__size_of_getch              (abs)        000000
__size_of_highPriorityISR    (abs)        000000
__size_of_init_adc           (abs)        000000
__size_of_init_ports         (abs)        000000
__size_of_init_serial        (abs)        000000
__size_of_init_timer_and_int (abs)        000000
__size_of_isalpha            (abs)        000000
__size_of_isdigit            (abs)        000000
__size_of_islower            (abs)        000000
__size_of_isspace            (abs)        000000
__size_of_isupper            (abs)        000000
__size_of_isxdigit           (abs)        000000
__size_of_lowPriorityISR     (abs)        000000
__size_of_main               (abs)        000000
__size_of_nanf               (abs)        000000
__size_of_output_str         (abs)        000000
__size_of_output_task        (abs)        000000
__size_of_packet_task        (abs)        000000
__size_of_pad                (abs)        000000
__size_of_putch              (abs)        000000
__size_of_rb_count_func      (abs)        000000
__size_of_skipws             (abs)        000000
__size_of_sprintf            (abs)        000000
__size_of_sscanf             (abs)        000000
__size_of_strcat             (abs)        000000
__size_of_strcmp             (abs)        000000
__size_of_strcpy             (abs)        000000
__size_of_strlen             (abs)        000000
__size_of_strncmp            (abs)        000000
__size_of_strncpy            (abs)        000000
__size_of_strtof             (abs)        000000
__size_of_strtoll            (abs)        000000
__size_of_strtoull           (abs)        000000
__size_of_tolower            (abs)        000000
__size_of_toupper            (abs)        000000
__size_of_ungetc             (abs)        000000
__size_of_vfpfcnvrt          (abs)        000000
__size_of_vfprintf           (abs)        000000
__size_of_vfscanf            (abs)        000000
__size_of_vfsfcnvrt          (abs)        000000
__size_of_xtoa               (abs)        000000
__size_ofi2___wmul           (abs)        000000
__size_ofi2_atoi             (abs)        000000
__size_ofi2_disable_rxtx     (abs)        000000
__size_ofi2_enable_rxtx      (abs)        000000
__size_ofi2_isalpha          (abs)        000000
__size_ofi2_isdigit          (abs)        000000
__size_ofi2_islower          (abs)        000000
__size_ofi2_isspace          (abs)        000000
__size_ofi2_isupper          (abs)        000000
__size_ofi2_toupper          (abs)        000000
__smallconst                 smallconst   001000
_alt_period                  bssBANK0     0000F2
_alt_value                   bssBANK0     0000E9
_asup                        bssBANK1     0001D1
_atoaefg                     text30       0066FE
_atoaefg$1723                cstackBANK1  000150
_atoc                        text29       007BA0
_atoc$1702                   cstackBANK1  000118
_atoc$1703                   cstackBANK1  00011A
_atod                        text24       006DDE
_atod$1712                   cstackBANK1  000168
_atoi                        text23       0076FA
_atoi$1543                   cstackBANK1  000112
_atoi$1544                   cstackBANK1  000116
_atoi$1545                   cstackBANK1  000114
_atoo                        text21       0071DE
_atos                        text20       007A46
_atos$1737                   cstackBANK1  000121
_atos$1738                   cstackBANK1  000123
_atou                        text19       006BCC
_atou$1746                   cstackBANK1  000168
_atox                        text18       00754E
_buf_isempty                 text79       009104
_buf_pop                     text78       00825A
_buf_push                    text77       0086EA
_calc_task                   text9        0051B8
_control_leds                text8        00890C
_counter                     bssBANK0     0000E3
_counter_limit               bssBANK0     0000E5
_dbuf                        bssBANK2     0002D0
_dbuf@doscan$F1690           bssBANK2     000280
_disable_rxtx                text50       009276
_dist                        bssBANK0     0000F6
_enable_rxtx                 text4        009270
_errno                       bssBANK1     0001D3
_fgetc                       text48       008652
_first_time                  dataBANK0    0000F8
_flags                       bssBANK0     0000DB
_fputc                       text72       008004
_fputs                       text71       008E0A
_getch                       text49       009268
_head                        bssBANK0     0000E1
_highPriorityISR             intcode      000008
_inbuf                       bssBANK3     000380
_init_adc                    text7        00922E
_init_ports                  text6        008E4E
_init_serial                 text5        0091F8
_init_timer_and_int          text3        009214
_isalpha                     text27       008E8C
_isdigit                     text36       008F7A
_islower                     text33       008F40
_isspace                     text47       008C44
_isspace$1570                cstackBANK1  000109
_isupper                     text16       008F06
_isxdigit                    text35       008982
_isxdigit$2039               cstackBANK1  000109
_led_cmd                     bssBANK1     0001DD
_lowPriorityISR              intcodelo    000018
_main                        text0        009136
_man_flag                    bssBANK1     0001D5
_man_num                     bssBANK1     0001DE
_nanf                        text34       0091D4
_ncnv                        bssBANK1     0001CD
_nmatch                      bssBANK1     0001CB
_nout                        bssBANK0     0000D5
_outbuf                      bssBANK3     000300
_output_st                   bssBANK0     0000F1
_output_str                  text74       008D3C
_output_task                 text54       006FF0
_packet_task                 text2        007F12
_pad                         text69       008194
_period                      bssBANK0     0000DD
_pkt_body                    bssBANK2     000200
_pkt_bodysize                bssBANK1     0001DB
_pkt_id                      bssBANK1     0001D9
_pkt_state                   bssBANK1     0001DC
_pkt_valid                   bssBANK1     0001DA
_prec                        bssBANK0     0000D9
_press_counter               bssBANK0     0000C5
_prevB                       bssBANK0     0000ED
_prs_value                   bssBANK0     0000E7
_putch                       text73       00928C
_rb4state                    bssCOMRAM    00005E
_rb5state                    bssBANK0     0000F0
_rb6state                    bssBANK0     0000EF
_rb7state                    bssBANK0     0000EE
_rb_count_func               text1        0069A0
_rb_threshold                dataBANK0    0000FA
_release_counter             bssBANK0     0000B5
_released                    bssBANK1     0001BB
_skipws                      text45       0083BC
_skipws$1694                 cstackBANK1  000114
_skipws$1695                 cstackBANK1  000116
_speed                       bssBANK0     0000F4
_sprintf                     text57       008C98
_sscanf                      text12       008FEE
_started                     bssBANK0     0000EB
_strcat                      text55       009188
_strcmp                      text11       008892
_strcpy                      text56       008B88
_strlen                      text70       0090CE
_strncmp                     text17       007CD8
_strncpy                     text10       00880C
_strtof                      text31       003AFE
_strtof$2131                 cstackBANK1  000126
_strtof$2132                 cstackBANK1  000136
_strtof$2142                 cstackBANK1  000128
_strtof$2143                 cstackBANK1  00012A
_strtof$2144                 cstackBANK1  00012C
_strtof$2145                 cstackBANK1  00012E
_strtof$2146                 cstackBANK1  000130
_strtof$2147                 cstackBANK1  000132
_strtof$2148                 cstackBANK1  000134
_strtoll                     text25       008DC6
_strtoull                    text22       008D82
_tail                        bssBANK0     0000DF
_tolower                     text15       008AC6
_tolower$2219                cstackBANK1  00010F
_toupper                     text32       008B28
_toupper$2234                cstackBANK1  00010F
_ungetbuf                    bssBANK1     0001D8
_ungetc                      text46       008782
_ungetcnt                    bssBANK1     0001D7
_vfpfcnvrt                   text59       005A2C
_vfpfcnvrt$1525              cstackCOMRAM 000057
_vfprintf                    text58       008A60
_vfscanf                     text13       008466
_vfsfcnvrt                   text14       0010E2
_vfsfcnvrt$1766              cstackBANK1  000180
_vfsfcnvrt$1813              cstackBANK1  000182
_width                       bssBANK0     0000D7
_width@doscan$F1687          bssBANK1     0001CF
_xtoa                        text64       00617E
_xtoa$1509                   cstackCOMRAM 00002F
_xtoa$1510                   cstackCOMRAM 000031
atoaefg@c                    cstackBANK1  000158
atoaefg@d                    cstackBANK1  00014A
atoaefg@e                    cstackBANK1  00014C
atoaefg@ep                   cstackBANK1  000154
atoaefg@fp                   cstackBANK1  000142
atoaefg@i                    cstackBANK1  000156
atoaefg@pld                  cstackBANK1  000144
atoaefg@s                    cstackBANK1  000152
atoaefg@w                    cstackBANK1  00014E
atoc@c                       cstackBANK1  00011D
atoc@fp                      cstackBANK1  00010E
atoc@i                       cstackBANK1  00011B
atoc@s                       cstackBANK1  000110
atoc@w                       cstackBANK1  000116
atod@c                       cstackBANK1  00016C
atod@ep                      cstackBANK1  000164
atod@fp                      cstackBANK1  000158
atod@i                       cstackBANK1  00016A
atod@pll                     cstackBANK1  00015A
atod@w                       cstackBANK1  000166
atoi@n                       cstackBANK1  000117
atoi@neg                     cstackBANK1  000110
atoi@s                       cstackBANK1  00010A
atoo@c                       cstackBANK1  00016A
atoo@ep                      cstackBANK1  000164
atoo@fp                      cstackBANK1  000158
atoo@i                       cstackBANK1  000168
atoo@pll                     cstackBANK1  00015A
atoo@w                       cstackBANK1  000166
atos@c                       cstackBANK1  000128
atos@fp                      cstackBANK1  000119
atos@i                       cstackBANK1  000126
atos@s                       cstackBANK1  00011B
atos@w                       cstackBANK1  000124
atou@c                       cstackBANK1  00016C
atou@ep                      cstackBANK1  000164
atou@fp                      cstackBANK1  000158
atou@i                       cstackBANK1  00016A
atou@pll                     cstackBANK1  00015A
atou@w                       cstackBANK1  000166
atox@c                       cstackBANK1  000168
atox@ep                      cstackBANK1  000164
atox@fp                      cstackBANK1  000158
atox@i                       cstackBANK1  00016A
atox@pll                     cstackBANK1  00015A
atox@w                       cstackBANK1  000166
btemp                        temp         00005F
buf_isempty@buf              cstackCOMRAM 000003
buf_pop@buf                  cstackCOMRAM 000007
buf_pop@v                    cstackCOMRAM 000006
buf_push@buf                 cstackCOMRAM 000001
buf_push@v                   cstackCOMRAM 000004
calc_task@cmd                cstackBANK4  000406
calc_task@man_led            cstackBANK4  000400
end_of_initialization        cinit        0085A8
fgetc@c                      cstackBANK1  00010C
fgetc@fp                     cstackBANK1  000105
fputc@c                      cstackCOMRAM 000001
fputc@fp                     cstackCOMRAM 000003
fputs@c                      cstackCOMRAM 00000E
fputs@fp                     cstackCOMRAM 00000C
fputs@i                      cstackCOMRAM 00000F
fputs@s                      cstackCOMRAM 00000A
highPriorityISR@i            cstackBANK0  0000B1
highPriorityISR@result       cstackBANK0  0000B3
i2___wmul                    text63       0091AE
i2___wmul@multiplicand       cstackCOMRAM 000003
i2___wmul@multiplier         cstackCOMRAM 000001
i2___wmul@product            cstackCOMRAM 000005
i2_atoi                      text60       0078A2
i2_atoi$1543                 cstackCOMRAM 000010
i2_atoi$1544                 cstackCOMRAM 000014
i2_atoi$1545                 cstackCOMRAM 000012
i2_disable_rxtx              text76       009282
i2_enable_rxtx               text75       00927C
i2_isalpha                   text68       008ECA
i2_isdigit                   text62       009026
i2_islower                   text66       00905E
i2_isspace                   text61       008CEA
i2_isspace$1570              cstackCOMRAM 000007
i2_isupper                   text67       009096
i2_toupper                   text65       008BE6
i2_toupper$2234              cstackCOMRAM 00000D
i2atoi@n                     cstackCOMRAM 000015
i2atoi@neg                   cstackCOMRAM 00000E
i2atoi@s                     cstackCOMRAM 000008
i2isalpha@c                  cstackCOMRAM 000001
i2isdigit@c                  cstackCOMRAM 000001
i2islower@c                  cstackCOMRAM 000001
i2isspace@c                  cstackCOMRAM 000001
i2isupper@c                  cstackCOMRAM 000001
i2toupper@c                  cstackCOMRAM 000007
int$flags                    temp         00005F
int_func                     intcode_body 006458
intlevel0                    text         000000
intlevel1                    text         000000
intlevel2                    text         000000
intlevel3                    text         000000
isalpha@c                    cstackBANK1  000103
isdigit@c                    cstackBANK1  000103
islower@c                    cstackBANK1  000103
isspace@c                    cstackBANK1  000103
isupper@c                    cstackBANK1  000103
isxdigit@c                   cstackBANK1  000103
nanf@s                       cstackBANK1  000103
nanf@u                       cstackBANK1  000107
output_str@ind               cstackCOMRAM 000007
output_str@str               cstackCOMRAM 000005
output_task@F5149            dataBANK1    0001EA
output_task@F5152            dataBANK2    0002F0
output_task@F5155            dataBANK1    0001E0
output_task@alt_char         cstackBANK0  00009B
output_task@dist_chr         cstackBANK0  000096
output_task@i                cstackBANK0  0000A3
output_task@prs_char         cstackBANK0  0000A0
output_task@str              cstackBANK0  000082
output_task@str_904          cstackBANK0  000076
output_task@str_909          cstackBANK0  00008C
packet_task@v                cstackBANK1  000105
pad@buf                      cstackCOMRAM 000013
pad@fp                       cstackCOMRAM 000011
pad@i                        cstackCOMRAM 000018
pad@p                        cstackCOMRAM 000015
pad@w                        cstackCOMRAM 00001A
skipws@c                     cstackBANK1  000117
skipws@fp                    cstackBANK1  00010E
sprintf@ap                   cstackBANK0  00006E
sprintf@f                    cstackBANK0  000070
sprintf@fmt                  cstackBANK0  000068
sprintf@s                    cstackBANK0  000066
sscanf@ap                    cstackBANK1  0001B9
sscanf@f                     cstackBANK1  0001B3
sscanf@fmt                   cstackBANK1  0001AD
sscanf@s                     cstackBANK1  0001AB
stackhi                      (abs)        000F5F
stacklo                      (abs)        00040A
start                        init         0001CE
start_initialization         cinit        00850E
strcat@dest                  cstackCOMRAM 00000F
strcat@src                   cstackCOMRAM 000011
strcmp@l                     cstackBANK1  000103
strcmp@r                     cstackBANK1  000105
strcpy@d                     cstackCOMRAM 00000D
strcpy@dest                  cstackCOMRAM 000005
strcpy@s                     cstackCOMRAM 00000B
strcpy@src                   cstackCOMRAM 000007
strlen@a                     cstackCOMRAM 000003
strlen@s                     cstackCOMRAM 000001
strncmp@_l                   cstackBANK1  000103
strncmp@_r                   cstackBANK1  000105
strncmp@l                    cstackBANK1  00010A
strncmp@n                    cstackBANK1  000107
strncmp@r                    cstackBANK1  00010C
strncpy@cp                   cstackBANK1  000109
strncpy@d                    cstackBANK1  000103
strncpy@n                    cstackBANK1  000107
strncpy@s                    cstackBANK1  000105
strtof@_u                    cstackBANK1  00013D
strtof@digit                 cstackBANK1  000137
strtof@eexp                  cstackBANK1  00013B
strtof@expon                 cstackBANK1  000139
strtof@flags                 cstackBANK1  000138
strtof@i                     cstackBANK1  000141
strtof@res                   cstackBANK1  00011E
strtof@s                     cstackBANK1  00011C
strtoll@base                 cstackBANK1  000154
strtoll@endptr               cstackBANK1  000152
strtoll@s                    cstackBANK1  000150
strtoull@base                cstackBANK1  000154
strtoull@endptr              cstackBANK1  000152
strtoull@s                   cstackBANK1  000150
tolower@c                    cstackBANK1  000109
toupper@c                    cstackBANK1  000109
ttemp5                       temp         000060
ttemp6                       temp         000063
ttemp7                       temp         000067
ungetc@c                     cstackBANK1  000103
ungetc@fp                    cstackBANK1  000105
vfpfcnvrt@ap                 cstackCOMRAM 000047
vfpfcnvrt@c                  cstackCOMRAM 000059
vfpfcnvrt@done               cstackCOMRAM 000055
vfpfcnvrt@fmt                cstackCOMRAM 000045
vfpfcnvrt@fp                 cstackCOMRAM 000043
vfpfcnvrt@llu                cstackCOMRAM 00004D
vfprintf@ap                  cstackBANK0  000064
vfprintf@cfmt                cstackCOMRAM 00005A
vfprintf@fmt                 cstackBANK0  000062
vfprintf@fp                  cstackBANK0  000060
vfscanf@ap                   cstackBANK1  0001A5
vfscanf@cfmt                 cstackBANK1  0001A9
vfscanf@fmt                  cstackBANK1  0001A3
vfscanf@fp                   cstackBANK1  0001A1
vfscanf@n                    cstackBANK1  0001A7
vfsfcnvrt@ap                 cstackBANK1  000172
vfsfcnvrt@c                  cstackBANK1  000184
vfsfcnvrt@cp                 cstackBANK1  00017C
vfsfcnvrt@ct                 cstackBANK1  000186
vfsfcnvrt@f                  cstackBANK1  000189
vfsfcnvrt@fmt                cstackBANK1  000170
vfsfcnvrt@fp                 cstackBANK1  00016E
vfsfcnvrt@i                  cstackBANK1  00019F
vfsfcnvrt@ll                 cstackBANK1  00018D
vfsfcnvrt@llu                cstackBANK1  000195
vfsfcnvrt@pp                 cstackBANK1  00017E
vfsfcnvrt@vp                 cstackBANK1  00019D
wtemp8                       temp         000060
xtoa@c                       cstackCOMRAM 000041
xtoa@d                       cstackCOMRAM 00001E
xtoa@fp                      cstackCOMRAM 00001C
xtoa@i                       cstackCOMRAM 00003F
xtoa@n                       cstackCOMRAM 000037
xtoa@p                       cstackCOMRAM 000033
xtoa@w                       cstackCOMRAM 000035
xtoa@x                       cstackCOMRAM 000026


FUNCTION INFORMATION:

 *************** function _main *****************
 Defined at:
		line 586 in file "main.c"
 Parameters:    Size  Location     Type
		None
 Auto vars:     Size  Location     Type
		None
 Return value:  Size  Location     Type
                  1    wreg      void 
 Registers used:
		wreg, fsr1l, fsr1h, fsr2l, fsr2h, status,2, status,0, tblptrl, tblptrh, tblptru, prodl, prodh, cstack
 Tracked objects:
		On entry : 
		On exit  : 
		Unchanged: 
 Data sizes:     COMRAM   BANK0   BANK1   BANK2   BANK3   BANK4   BANK5   BANK6   BANK7   BANK8   BANK9  BANK10  BANK11  BANK12  BANK13  BANK14  BANK15
      Params:         0       0       0       0       0       0       0       0       0       0       0       0       0       0       0       0       0
      Locals:         0       0       0       0       0       0       0       0       0       0       0       0       0       0       0       0       0
      Temps:          0       0       0       0       0       0       0       0       0       0       0       0       0       0       0       0       0
      Totals:         0       0       0       0       0       0       0       0       0       0       0       0       0       0       0       0       0
Total ram usage:        0 bytes
 Hardware stack levels required when called:   20
 This function calls:
		_calc_task
		_control_leds
		_init_adc
		_init_ports
		_init_serial
		_init_timer_and_int
		_packet_task
		_rb_count_func
 This function is called by:
		Startup code after reset
 This function uses a non-reentrant model


[...]
Total ram usage:        9 bytes
 Hardware stack levels used:    1
 Hardware stack levels required when called:    1
 This function calls:
		_putch
 This function is called by:
		_pad
		_vfpfcnvrt
		_fputs
 This function uses a non-reentrant model


 *************** function _putch *****************
 Defined at:
		line 7 in file "/opt/microchip/xc8/v2.30/pic/sources/c99/common/putch.c"
 Parameters:    Size  Location     Type
  c               1    wreg     unsigned char 
 Auto vars:     Size  Location     Type
  c               1    0[COMRAM] unsigned char 
 Return value:  Size  Location     Type
                  1    wreg      void 
 Registers used:
		wreg
 Tracked objects:
		On entry : 
		On exit  : 
		Unchanged: 
 Data sizes:     COMRAM   BANK0   BANK1   BANK2   BANK3   BANK4   BANK5   BANK6   BANK7   BANK8   BANK9  BANK10  BANK11  BANK12  BANK13  BANK14  BANK15
      Params:         0       0       0       0       0       0       0       0       0       0       0       0       0       0       0       0       0
      Locals:         0       0       0       0       0       0       0       0       0       0       0       0       0       0       0       0       0
      Temps:          0       0       0       0       0       0       0       0       0       0       0       0       0       0       0       0       0
      Totals:         0       0       0       0       0       0       0       0       0       0       0       0       0       0       0       0       0
Total ram usage:        0 bytes
 Hardware stack levels used:    1
 This function calls:
		Nothing
 This function is called by:
		_fputc
 This function uses a non-reentrant model


 *************** function _output_str *****************
 Defined at:
		line 415 in file "main.c"
 Parameters:    Size  Location     Type
  str             2    4[COMRAM] PTR unsigned char 
		 -> output_task@str_909(10), output_task@str_904(12), output_task@str(10), 
 Auto vars:     Size  Location     Type
  ind             1    6[COMRAM] unsigned char 
 Return value:  Size  Location     Type
                  1    wreg      void 
 Registers used:
		wreg, fsr2l, fsr2h, status,2, status,0, cstack
 Tracked objects:
		On entry : 
		On exit  : 
		Unchanged: 
 Data sizes:     COMRAM   BANK0   BANK1   BANK2   BANK3   BANK4   BANK5   BANK6   BANK7   BANK8   BANK9  BANK10  BANK11  BANK12  BANK13  BANK14  BANK15
      Params:         2       0       0       0       0       0       0       0       0       0       0       0       0       0       0       0       0
      Locals:         1       0       0       0       0       0       0       0       0       0       0       0       0       0       0       0       0
      Temps:          0       0       0       0       0       0       0       0       0       0       0       0       0       0       0       0       0
      Totals:         3       0       0       0       0       0       0       0       0       0       0       0       0       0       0       0       0
Total ram usage:        3 bytes
 Hardware stack levels used:    1
 Hardware stack levels required when called:    1
 This function calls:
		_buf_push
		i2_disable_rxtx
		i2_enable_rxtx
 This function is called by:
		_output_task
 This function uses a non-reentrant model


 *************** function i2_enable_rxtx *****************
 Defined at:
		line 61 in file "main.c"
 Parameters:    Size  Location     Type
		None
 Auto vars:     Size  Location     Type
		None
 Return value:  Size  Location     Type
                  1    wreg      void 
 Registers used:
		None
 Tracked objects:
		On entry : 
		On exit  : 
		Unchanged: 
 Data sizes:     COMRAM   BANK0   BANK1   BANK2   BANK3   BANK4   BANK5   BANK6   BANK7   BANK8   BANK9  BANK10  BANK11  BANK12  BANK13  BANK14  BANK15
      Params:         0       0       0       0       0       0       0       0       0       0       0       0       0       0       0       0       0
      Locals:         0       0       0       0       0       0       0       0       0       0       0       0       0       0       0       0       0
      Temps:          0       0       0       0       0       0       0       0       0       0       0       0       0       0       0       0       0
      Totals:         0       0       0       0       0       0       0       0       0       0       0       0       0       0       0       0       0
Total ram usage:        0 bytes
 Hardware stack levels used:    1
 This function calls:
		Nothing
 This function is called by:
		_output_str
		_output_task
 This function uses a non-reentrant model


 *************** function i2_disable_rxtx *****************
 Defined at:
		line 60 in file "main.c"
 Parameters:    Size  Location     Type
		None
 Auto vars:     Size  Location     Type
		None
 Return value:  Size  Location     Type
                  1    wreg      void 
 Registers used:
		None
 Tracked objects:
		On entry : 
		On exit  : 
		Unchanged: 
 Data sizes:     COMRAM   BANK0   BANK1   BANK2   BANK3   BANK4   BANK5   BANK6   BANK7   BANK8   BANK9  BANK10  BANK11  BANK12  BANK13  BANK14  BANK15
      Params:         0       0       0       0       0       0       0       0       0       0       0       0       0       0       0       0       0
      Locals:         0       0       0       0       0       0       0       0       0       0       0       0       0       0       0       0       0
      Temps:          0       0       0       0       0       0       0       0       0       0       0       0       0       0       0       0       0
      Totals:         0       0       0       0       0       0       0       0       0       0       0       0       0       0       0       0       0
Total ram usage:        0 bytes
 Hardware stack levels used:    1
 This function calls:
		Nothing
 This function is called by:
		_output_str
		_output_task
 This function uses a non-reentrant model


 *************** function _buf_push *****************
 Defined at:
		line 127 in file "main.c"
 Parameters:    Size  Location     Type
  v               1    wreg     unsigned char 
  buf             1    0[COMRAM] enum E5110
 Auto vars:     Size  Location     Type
  v               1    3[COMRAM] unsigned char 
 Return value:  Size  Location     Type
                  1    wreg      void 
 Registers used:
		wreg, fsr2l, fsr2h, status,2, status,0
 Tracked objects:
		On entry : 
		On exit  : 
		Unchanged: 
 Data sizes:     COMRAM   BANK0   BANK1   BANK2   BANK3   BANK4   BANK5   BANK6   BANK7   BANK8   BANK9  BANK10  BANK11  BANK12  BANK13  BANK14  BANK15
      Params:         1       0       0       0       0       0       0       0       0       0       0       0       0       0       0       0       0
      Locals:         1       0       0       0       0       0       0       0       0       0       0       0       0       0       0       0       0
      Temps:          2       0       0       0       0       0       0       0       0       0       0       0       0       0       0       0       0
      Totals:         4       0       0       0       0       0       0       0       0       0       0       0       0       0       0       0       0
Total ram usage:        4 bytes
 Hardware stack levels used:    1
 This function calls:
		Nothing
 This function is called by:
		_highPriorityISR
		_output_str
 This function uses a non-reentrant model


 *************** function _buf_pop *****************
 Defined at:
		line 137 in file "main.c"
 Parameters:    Size  Location     Type
  buf             1    wreg     enum E5110
 Auto vars:     Size  Location     Type
  buf             1    6[COMRAM] enum E5110
  v               1    5[COMRAM] unsigned char 
 Return value:  Size  Location     Type
                  1    wreg      unsigned char 
 Registers used:
		wreg, fsr1l, fsr1h, fsr2l, fsr2h, status,2, status,0, cstack
 Tracked objects:
		On entry : 
		On exit  : 
		Unchanged: 
 Data sizes:     COMRAM   BANK0   BANK1   BANK2   BANK3   BANK4   BANK5   BANK6   BANK7   BANK8   BANK9  BANK10  BANK11  BANK12  BANK13  BANK14  BANK15
      Params:         0       0       0       0       0       0       0       0       0       0       0       0       0       0       0       0       0
      Locals:         0       0       0       0       0       0       0       0       0       0       0       0       0       0       0       0       0
      Temps:          0       0       0       0       0       0       0       0       0       0       0       0       0       0       0       0       0
      Totals:         0       0       0       0       0       0       0       0       0       0       0       0       0       0       0       0       0
Total ram usage:        0 bytes
 Hardware stack levels used:    1
 Hardware stack levels required when called:   12
 This function calls:
		_buf_isempty
 This function is called by:
		_highPriorityISR
		_packet_task
		_output_task
 This function uses a non-reentrant model


 *************** function _buf_isempty *****************
 Defined at:
		line 124 in file "main.c"
 Parameters:    Size  Location     Type
  buf             1    wreg     enum E5110
 Auto vars:     Size  Location     Type
  buf             1    2[COMRAM] enum E5110
 Return value:  Size  Location     Type
                  1    wreg      unsigned char 
 Registers used:
		wreg, fsr1l, fsr1h, fsr2l, fsr2h, status,2, status,0
 Tracked objects:
		On entry : 
		On exit  : 
		Unchanged: 
 Data sizes:     COMRAM   BANK0   BANK1   BANK2   BANK3   BANK4   BANK5   BANK6   BANK7   BANK8   BANK9  BANK10  BANK11  BANK12  BANK13  BANK14  BANK15
      Params:         0       0       0       0       0       0       0       0       0       0       0       0       0       0       0       0       0
      Locals:         0       0       0       0       0       0       0       0       0       0       0       0       0       0       0       0       0
      Temps:          0       0       0       0       0       0       0       0       0       0       0       0       0       0       0       0       0
      Totals:         0       0       0       0       0       0       0       0       0       0       0       0       0       0       0       0       0
Total ram usage:        0 bytes
 Hardware stack levels used:    1
 Hardware stack levels required when called:   11
 This function calls:
		Nothing
 This function is called by:
		_buf_pop
		_highPriorityISR
		_packet_task
		_output_task
 This function uses a non-reentrant model



MODULE INFORMATION

Module		Function		Class		Link	Load	Size
/opt/microchip/xc8/v2.30/pic/sources/c99/common/tolower.c
		_tolower       		CODE           	8AC6	0000	98

/opt/microchip/xc8/v2.30/pic/sources/c99/common/tolower.c estimated size: 98

/opt/microchip/xc8/v2.30/pic/sources/c99/common/strncmp.c
		_strncmp       		CODE           	7CD8	0000	308

/opt/microchip/xc8/v2.30/pic/sources/c99/common/strncmp.c estimated size: 308

/opt/microchip/xc8/v2.30/pic/sources/c99/common/sprcmul.c
		___flmul       		CODE           	5600	0000	1068

/opt/microchip/xc8/v2.30/pic/sources/c99/common/sprcmul.c estimated size: 1068

/opt/microchip/xc8/v2.30/pic/sources/c99/common/nf_fputc.c
		_fputc         		CODE           	8004	0000	202

/opt/microchip/xc8/v2.30/pic/sources/c99/common/nf_fputc.c estimated size: 202

/opt/microchip/xc8/v2.30/pic/sources/c99/common/strncpy.c
		_strncpy       		CODE           	880C	0000	134

/opt/microchip/xc8/v2.30/pic/sources/c99/common/strncpy.c estimated size: 134

/opt/microchip/xc8/v2.30/pic/sources/c99/common/flneg.c
		___flneg       		CODE           	8FB4	0000	58

/opt/microchip/xc8/v2.30/pic/sources/c99/common/flneg.c estimated size: 58

/opt/microchip/xc8/v2.30/pic/sources/c99/common/Umul32.c
		___lmul        		CODE           	89F4	0000	108

/opt/microchip/xc8/v2.30/pic/sources/c99/common/Umul32.c estimated size: 108

/opt/microchip/xc8/v2.30/pic/sources/c99/common/sprcdiv.c
		___fldiv       		CODE           	5DE2	0000	924

/opt/microchip/xc8/v2.30/pic/sources/c99/common/sprcdiv.c estimated size: 924

/opt/microchip/xc8/v2.30/pic/sources/c99/common/strcat.c
		_strcat        		CODE           	9188	0000	38

/opt/microchip/xc8/v2.30/pic/sources/c99/common/strcat.c estimated size: 38

/opt/microchip/xc8/v2.30/pic/sources/c99/common/atoi.c
		_atoi          		CODE           	76FA	0000	424

/opt/microchip/xc8/v2.30/pic/sources/c99/common/atoi.c estimated size: 424

/opt/microchip/xc8/v2.30/pic/sources/c99/common/isalpha.c
		_isalpha       		CODE           	8E8C	0000	62

/opt/microchip/xc8/v2.30/pic/sources/c99/common/isalpha.c estimated size: 62

/opt/microchip/xc8/v2.30/pic/sources/c99/common/xxtofl.c
		___xxtofl      		CODE           	7396	0000	440

/opt/microchip/xc8/v2.30/pic/sources/c99/common/xxtofl.c estimated size: 440

/opt/microchip/xc8/v2.30/pic/sources/c99/common/isxdigit.c
		_isxdigit      		CODE           	8982	0000	114

/opt/microchip/xc8/v2.30/pic/sources/c99/common/isxdigit.c estimated size: 114

/opt/microchip/xc8/v2.30/pic/sources/c99/common/__strtoxll.c
		___strtoxll    		CODE           	4C90	0000	1320

/opt/microchip/xc8/v2.30/pic/sources/c99/common/__strtoxll.c estimated size: 1320

/opt/microchip/xc8/v2.30/pic/sources/c99/common/strlen.c
		_strlen        		CODE           	90CE	0000	54

/opt/microchip/xc8/v2.30/pic/sources/c99/common/strlen.c estimated size: 54

/opt/microchip/xc8/v2.30/pic/sources/c99/common/strtoull.c
		_strtoull      		CODE           	8D82	0000	68

/opt/microchip/xc8/v2.30/pic/sources/c99/common/strtoull.c estimated size: 68

/opt/microchip/xc8/v2.30/pic/sources/c99/common/strcmp.c
		_strcmp        		CODE           	8892	0000	122

/opt/microchip/xc8/v2.30/pic/sources/c99/common/strcmp.c estimated size: 122

/opt/microchip/xc8/v2.30/pic/sources/c99/common/strcpy.c
		_strcpy        		CODE           	8B88	0000	94

/opt/microchip/xc8/v2.30/pic/sources/c99/common/strcpy.c estimated size: 94

/opt/microchip/xc8/v2.30/pic/sources/c99/common/putch.c
		_putch         		CODE           	928C	0000	2

/opt/microchip/xc8/v2.30/pic/sources/c99/common/putch.c estimated size: 2

/opt/microchip/xc8/v2.30/pic/sources/c99/common/flge.c
		___flge        		CODE           	7E0C	0000	262

/opt/microchip/xc8/v2.30/pic/sources/c99/common/flge.c estimated size: 262

/opt/microchip/xc8/v2.30/pic/sources/c99/common/isdigit.c
		_isdigit       		CODE           	8F7A	0000	58

/opt/microchip/xc8/v2.30/pic/sources/c99/common/isdigit.c estimated size: 58

/opt/microchip/xc8/v2.30/pic/sources/c99/common/doprnt.c
		_vfpfcnvrt     		CODE           	5A2C	0000	950
		_pad           		CODE           	8194	0000	198
		_vfprintf      		CODE           	8A60	0000	102
		_xtoa          		CODE           	617E	0000	730

/opt/microchip/xc8/v2.30/pic/sources/c99/common/doprnt.c estimated size: 1980

/opt/microchip/xc8/v2.30/pic/sources/c99/common/nf_sprintf.c
		_sprintf       		CODE           	8C98	0000	82

/opt/microchip/xc8/v2.30/pic/sources/c99/common/nf_sprintf.c estimated size: 82

/opt/microchip/xc8/v2.30/pic/sources/c99/common/strtof.c
		_strtof        		CODE           	3AFE	0000	4498

/opt/microchip/xc8/v2.30/pic/sources/c99/common/strtof.c estimated size: 4498

/opt/microchip/xc8/v2.30/pic/sources/c99/common/nf_getc.c
		_fgetc         		CODE           	8652	0000	152
		_ungetc        		CODE           	8782	0000	138

/opt/microchip/xc8/v2.30/pic/sources/c99/common/nf_getc.c estimated size: 290

/opt/microchip/xc8/v2.30/pic/sources/c99/common/nf_fputs.c
		_fputs         		CODE           	8E0A	0000	68

/opt/microchip/xc8/v2.30/pic/sources/c99/common/nf_fputs.c estimated size: 68

shared
		i2_atoi        		CODE           	78A2	0000	420
		i2_isspace     		CODE           	8CEA	0000	82
		i2_isdigit     		CODE           	9026	0000	56
		i2_enable_rxtx 		CODE           	927C	0000	6
		i2___wmul      		CODE           	91AE	0000	38
		__initialization		CODE           	850E	0000	154
		i2_islower     		CODE           	905E	0000	56
		i2_isupper     		CODE           	9096	0000	56
		i2_disable_rxtx		CODE           	9282	0000	6
		i2_toupper     		CODE           	8BE6	0000	94
		i2_isalpha     		CODE           	8ECA	0000	60

shared estimated size: 1028

/opt/microchip/xc8/v2.30/pic/sources/c99/common/getch.c
		_getch         		CODE           	9268	0000	8

/opt/microchip/xc8/v2.30/pic/sources/c99/common/getch.c estimated size: 8

/opt/microchip/xc8/v2.30/pic/sources/c99/common/awdiv.c
		___awdiv       		CODE           	80CE	0000	198

/opt/microchip/xc8/v2.30/pic/sources/c99/common/awdiv.c estimated size: 198

/opt/microchip/xc8/v2.30/pic/sources/c99/common/nanf.c
		_nanf          		CODE           	91D4	0000	36

/opt/microchip/xc8/v2.30/pic/sources/c99/common/nanf.c estimated size: 36

/opt/microchip/xc8/v2.30/pic/sources/c99/common/doscan.c
		_atoaefg       		CODE           	66FE	0000	674
		_atos          		CODE           	7A46	0000	346
		_vfsfcnvrt     		CODE           	10E2	0000	10780
		_atou          		CODE           	6BCC	0000	530
		_vfscanf       		CODE           	8466	0000	168
		_atox          		CODE           	754E	0000	428
		_skipws        		CODE           	83BC	0000	170
		_atoc          		CODE           	7BA0	0000	312
		_atoo          		CODE           	71DE	0000	440
		_atod          		CODE           	6DDE	0000	530

/opt/microchip/xc8/v2.30/pic/sources/c99/common/doscan.c estimated size: 14378

/opt/microchip/xc8/v2.30/pic/sources/c99/common/Umul64.c
		___omul        		CODE           	85B2	0000	160

/opt/microchip/xc8/v2.30/pic/sources/c99/common/Umul64.c estimated size: 160

/opt/microchip/xc8/v2.30/pic/sources/c99/common/Umul16.c
		___wmul        		CODE           	9160	0000	40

/opt/microchip/xc8/v2.30/pic/sources/c99/common/Umul16.c estimated size: 40

/opt/microchip/xc8/v2.30/pic/sources/c99/common/islower.c
		_islower       		CODE           	8F40	0000	58

/opt/microchip/xc8/v2.30/pic/sources/c99/common/islower.c estimated size: 58

/opt/microchip/xc8/v2.30/pic/sources/c99/common/nf_sscanf.c
		_sscanf        		CODE           	8FEE	0000	56

/opt/microchip/xc8/v2.30/pic/sources/c99/common/nf_sscanf.c estimated size: 56

/opt/microchip/xc8/v2.30/pic/sources/c99/common/isupper.c
		_isupper       		CODE           	8F06	0000	58

/opt/microchip/xc8/v2.30/pic/sources/c99/common/isupper.c estimated size: 58

/opt/microchip/xc8/v2.30/pic/sources/c99/common/toupper.c
		_toupper       		CODE           	8B28	0000	96

/opt/microchip/xc8/v2.30/pic/sources/c99/common/toupper.c estimated size: 96

/opt/microchip/xc8/v2.30/pic/sources/c99/common/fleq.c
		___fleq        		CODE           	8310	0000	172

/opt/microchip/xc8/v2.30/pic/sources/c99/common/fleq.c estimated size: 172

main.c
		_rb_count_func 		CODE           	69A0	0000	556
		_disable_rxtx  		CODE           	9276	0000	6
		_main          		CODE           	9136	0000	42
		_init_ports    		CODE           	8E4E	0000	62
		_init_timer_and_int		CODE           	9214	0000	26
		_buf_isempty   		CODE           	9104	0000	50
		_calc_task     		CODE           	51B8	0000	1096
		_control_leds  		CODE           	890C	0000	118
		_init_serial   		CODE           	91F8	0000	28
		_packet_task   		CODE           	7F12	0000	242
		_highPriorityISR		CODE           	0008	0000	684
		_init_adc      		CODE           	922E	0000	26
		_buf_pop       		CODE           	825A	0000	182
		_output_str    		CODE           	8D3C	0000	70
		_output_task   		CODE           	6FF0	0000	494
		_buf_push      		CODE           	86EA	0000	152
		_enable_rxtx   		CODE           	9270	0000	6
		_lowPriorityISR		CODE           	0018	0000	438

main.c estimated size: 4278

/opt/microchip/xc8/v2.30/pic/sources/c99/common/isspace.c
		_isspace       		CODE           	8C44	0000	84

/opt/microchip/xc8/v2.30/pic/sources/c99/common/isspace.c estimated size: 84

/opt/microchip/xc8/v2.30/pic/sources/c99/common/strtoll.c
		_strtoll       		CODE           	8DC6	0000	68

/opt/microchip/xc8/v2.30/pic/sources/c99/common/strtoll.c estimated size: 68

